// Jest Snapshot v1, https://goo.gl/fbAQLP

exports[`StockListComponent should render resiliency error screen when the stocks$.length < 0 1`] = `
<div
  class="stock-list"
>
  
  <stock-error-screen>
    <div
      class="stock-error-screen"
    >
      <h2
        class="stock-error-screen__title"
      >
        Uh-oh, something went wrong.
      </h2>
      <p
        class="stock-error-screen__message"
      >
         We are not able to load this page right now. Please refresh this page or follow this 
        <a
          href="https://cors-anywhere.herokuapp.com/corsdemo"
          target="_blank"
        >
          link
        </a>
        . 
      </p>
    </div>
  </stock-error-screen>
</div>
`;

exports[`StockListComponent should render stocks card when the stocks$.length > 0 1`] = `
<div
  class="stock-list"
>
  
  
  <stock-card />
</div>
`;
