// Jest Snapshot v1, https://goo.gl/fbAQLP

exports[`StockCardComponent should render stocks card when the stocksList.length > 0 1`] = `
<div
  class="stock-card__group"
>
  
  <div
    class="stock-card__item"
  >
    <p
      class="stock-card__item__title"
    >
       GOOG 
    </p>
    <p
      class="stock-card__item__current-price f-20"
    >
       $2,228.55 
    </p>
    <p
      class="stock-card__item__daily-high-price f-20"
    >
       2,269.94 
    </p>
    <p
      class="stock-card__item__daily-low-price f-20"
    >
       2,217.22 
    </p>
    
    
    <p
      class="stock-card__item__fiftyTwoWeekLow f-20"
    >
       2,044.16 
    </p>
    <p
      class="stock-card__item__fiftyTwoWeekHigh f-20"
    >
       3,042.00 
    </p>
    <p
      class="stock-card__item__regularMarketVolume f-20"
    >
       1,567,487 
    </p>
    <label
      class="stock-card__item__switch"
    >
      <input
        class="stock-card__item__checkbox"
        type="checkbox"
      />
      <span
        class="stock-card__item__switch--slider"
      />
    </label>
  </div>
  <div
    class="stock-card__item"
  >
    <p
      class="stock-card__item__title"
    >
       MSFT 
    </p>
    <p
      class="stock-card__item__current-price f-20"
    >
       $252.99 
    </p>
    <p
      class="stock-card__item__daily-high-price f-20"
    >
       260.54 
    </p>
    <p
      class="stock-card__item__daily-low-price f-20"
    >
       252.86 
    </p>
    
    
    <p
      class="stock-card__item__fiftyTwoWeekLow f-20"
    >
       246.44 
    </p>
    <p
      class="stock-card__item__fiftyTwoWeekHigh f-20"
    >
       349.67 
    </p>
    <p
      class="stock-card__item__regularMarketVolume f-20"
    >
       31,445,841 
    </p>
    <label
      class="stock-card__item__switch"
    >
      <input
        class="stock-card__item__checkbox"
        type="checkbox"
      />
      <span
        class="stock-card__item__switch--slider"
      />
    </label>
  </div>
</div>
`;
